------------------------------
  Elements     Atomic Weight  
------------------------------
  1.	O         15.99899960
  2.	N         14.00699997
  3.	AL        26.98150000
  4.	AR        39.94800186
------------------------------


--------------------------------------------------------------------------------------------------------------
                                                Molecular        Temperature        Elements
  Species                  Phase  Charge         weight         Low      High       O       N      AL      AR
--------------------------------------------------------------------------------------------------------------
    1. O                     G      0           15.999000    200.00   6000.00       1       0       0       0
    2. O2                    G      0           31.997999    200.00   6000.00       2       0       0       0
    3. AL                    G      0           26.981500    200.00   6000.00       0       0       1       0
    4. ALO                   G      0           42.980500    200.00   6000.00       1       0       1       0
    5. ALO2                  G      0           58.979499    200.00   6000.00       2       0       1       0
    6. AL2O                  G      0           69.962000    200.00   6000.00       1       0       2       0
    7. AL2O2                 G      0           85.960999    200.00   6000.00       2       0       2       0
    8. AL2O3                 G      0          101.959999    200.00   6000.00       3       0       2       0
    9. AL2O3L                L      0          101.959999    300.00   6000.00       3       0       2       0
   10. N                     G      0           14.007000    200.00   6000.00       0       1       0       0
   11. N2                    G      0           28.014000    200.00   6000.00       0       2       0       0
   12. NO                    G      0           30.006000    200.00   6000.00       1       1       0       0
   13. NO2                   G      0           46.004999    200.00   6000.00       2       1       0       0
   14. NO3                   G      0           62.003999    200.00   6000.00       3       1       0       0
   15. N2O                   G      0           44.013000    200.00   6000.00       1       2       0       0
   16. ALN                   L      0           40.988500    298.00   3500.00       0       1       1       0
   17. AR                    G      0           39.948002    200.00   6000.00       0       0       0       1
--------------------------------------------------------------------------------------------------------------

--------------------------------------------------------------------------------------------------------------
                                                Molecular        Temperature        Elements
  Species                  Phase  Charge         weight         Low      High       O       N      AL      AR
--------------------------------------------------------------------------------------------------------------
   11. N2                    G      0           28.014000    200.00   6000.00       0       2       0       0
    3. AL                    G      0           26.981500    200.00   6000.00       0       0       1       0
   17. AR                    G      0           39.948002    200.00   6000.00       0       0       0       1
   16. ALN                   L      0           40.988500    298.00   3500.00       0       1       1       0
   10. N                     G      0           14.007000    200.00   6000.00       0       1       0       0
   15. N2O                   G      0           44.013000    200.00   6000.00       1       2       0       0
    6. AL2O                  G      0           69.962000    200.00   6000.00       1       0       2       0
   12. NO                    G      0           30.006000    200.00   6000.00       1       1       0       0
    4. ALO                   G      0           42.980500    200.00   6000.00       1       0       1       0
    1. O                     G      0           15.999000    200.00   6000.00       1       0       0       0
    2. O2                    G      0           31.997999    200.00   6000.00       2       0       0       0
   13. NO2                   G      0           46.004999    200.00   6000.00       2       1       0       0
    5. ALO2                  G      0           58.979499    200.00   6000.00       2       0       1       0
    7. AL2O2                 G      0           85.960999    200.00   6000.00       2       0       2       0
   14. NO3                   G      0           62.003999    200.00   6000.00       3       1       0       0
    8. AL2O3                 G      0          101.959999    200.00   6000.00       3       0       2       0
    9. AL2O3L                L      0          101.959999    300.00   6000.00       3       0       2       0
--------------------------------------------------------------------------------------------------------------

------------------------------------------------------------------------------------------------------------------
  Species                  Shape       eps/kb          sigma             mu           alfa        zRot298         
------------------------------------------------------------------------------------------------------------------
    1. O                     0        80.0000         2.7500         0.0000         0.0000         0.0000
    2. O2                    1       107.4000         3.4580         0.0000         1.6000         3.8000
    3. Al                    0      2836.0000         2.6550         0.0000         8.3400         1.0000
    4. AlO                   1      1381.2000         3.2030         4.3200         6.7000         1.0000
    5. AlO2                  1       984.0000         3.5640         0.0000         9.3300         1.0000
    6. Al2O                  1      2231.0000         3.3440         0.0000        12.6000         1.0000
    7. Al2O2                 2       915.2000         4.0890         5.9000        11.1000         1.0000
    8. Al2O3                 1       352.0000         4.2640         0.0000         9.5000         1.0000
    9. Al2O3L                1       352.0000         4.2640         0.0000         9.5000         1.0000
   10. N                     0        71.4000         3.2980         0.0000         0.0000         0.0000
   11. N2                    1        97.5300         3.6210         0.0000         1.7600         4.0000
   12. NO                    1       139.3200         3.3390         0.2000         1.7600         4.0000
   13. NO2                   2       333.5900         3.8520         0.4000         0.0000         1.0000
   14. NO3                   2       400.0000         4.2000         0.2000         0.0000         1.0000
   15. N2O                   1       232.4000         3.8280         0.0000         0.0000         1.0000
   16. AlN                   1      2682.0000         3.3690         2.2870         2.5500         1.0000
   17. Ar                    0       136.5000         3.3300         0.0000         0.0000         0.0000
------------------------------------------------------------------------------------------------------------------


------------------------------------------------------------------------------------------------------------------
  Species                  Shape       eps/kb          sigma             mu           alfa        zRot298         
------------------------------------------------------------------------------------------------------------------
    1. O                     0        80.0000         2.7500         0.0000         0.0000         0.0000
    2. O2                    1       107.4000         3.4580         0.0000         1.6000         3.8000
    3. Al                    0      2836.0000         2.6550         0.0000         8.3400         1.0000
    4. AlO                   1      1381.2000         3.2030         4.3200         6.7000         1.0000
    5. AlO2                  1       984.0000         3.5640         0.0000         9.3300         1.0000
    6. Al2O                  1      2231.0000         3.3440         0.0000        12.6000         1.0000
    7. Al2O2                 2       915.2000         4.0890         5.9000        11.1000         1.0000
    8. Al2O3                 1       352.0000         4.2640         0.0000         9.5000         1.0000
    9. Al2O3L                1       352.0000         4.2640         0.0000         9.5000         1.0000
   10. N                     0        71.4000         3.2980         0.0000         0.0000         0.0000
   11. N2                    1        97.5300         3.6210         0.0000         1.7600         4.0000
   12. NO                    1       139.3200         3.3390         0.2000         1.7600         4.0000
   13. NO2                   2       333.5900         3.8520         0.4000         0.0000         1.0000
   14. NO3                   2       400.0000         4.2000         0.2000         0.0000         1.0000
   15. N2O                   1       232.4000         3.8280         0.0000         0.0000         1.0000
   16. AlN                   1      2682.0000         3.3690         2.2870         2.5500         1.0000
   17. Ar                    0       136.5000         3.3300         0.0000         0.0000         0.0000
------------------------------------------------------------------------------------------------------------------


---------------------------------------------------------------------------------------
                                  CHEMICAL REACTIONS                                   

                          Units: [mol, cm3, s] and [cal/mol]                           
---------------------------------------------------------------------------------------


      1. O + Al  = AlO 
         k:       1.000000e+13	    0.00       1589.60


      2. O + Al +M  = AlO +M 
         k:       3.000000e+17	   -1.00          0.00
         Third body efficiencies
         O2                  	enhanced by	   1.100


      3. O2 + Al  = O + AlO 
         k:       9.720000e+13	    0.00        159.97


      4. O2 + AlO  = O + AlO2 
         k:       4.620000e+14	    0.00      19885.90


      5. AlO2  = O + AlO 
         k:       1.000000e+15	    0.00      88557.88


      6. Al2O3  = O + Al2O2 
         k:       3.000000e+15	    0.00      97649.99


      7. Al2O3  = AlO + AlO2 
         k:       3.000000e+15	    0.00     126999.89


      8. Al2O2  = 2AlO 
         k:       1.000000e+15	    0.00     117939.78


      9. Al2O2  = Al + AlO2 
         k:       1.000000e+15	    0.00     148899.82


     10. Al2O2  = O + Al2O 
         k:       1.000000e+15	    0.00     104249.94


     11. Al2O  = Al + AlO 
         k:       1.000000e+15	    0.00     133199.94


     12. Al2O3  => Al2O3L 
         k:       1.000000e+14	    0.00          0.00


     13. 2O +M  = O2 +M 
         k:       6.160000e+15	   -0.50          0.00
         Third body efficiencies
         Ar                  	enhanced by	   0.000


     14. 2O + Ar  = O2 + Ar 
         k:       1.890000e+13	    0.00      -1788.00


     15. O2 + N  = O + NO 
         k:       5.900000e+09	    1.00       6280.00


     16. N + NO  = O + N2 
         k:       9.400000e+12	    0.14          0.00


     17. O + NO (+M)  = NO2 (+M) 
         Fall-off (Troe)
         k0:      4.720000e+24	   -2.87       1550.00
         kInf:    1.300000e+15	   -0.75          0.00
         Troe Parameters
         a    7.50e-01
         T*** 1.00e+03
         T*   1.00e+05
         T**  1.00e+30


     18. O + NO2  = O2 + NO 
         k:       1.100000e+14	   -0.52          0.00


     19. 2NO2  = O2 + 2NO 
         k:       4.500000e+12	    0.00      27599.00


     20. 2NO2  = NO + NO3 
         k:       9.600000e+09	    0.73      20900.00


     21. O + NO2 (+M)  = NO3 (+M) 
         Fall-off (Troe)
         k0:      2.500000e+20	   -1.50          0.00
         kInf:    3.500000e+12	    0.24          0.00
         Troe Parameters
         a    7.10e-01
         T*** 1.00e-30
         T*   1.70e+03
         T**  1.00e+30


     22. O + NO3  = O2 + NO2 
         k:       1.000000e+13	    0.00          0.00


     23. NO2 + NO3  = O2 + NO + NO2 
         k:       5.000000e+10	    0.00       2940.00


     24. N2O (+M)  = O + N2 (+M) 
         Fall-off (Lindemann)
         k0:      6.000000e+14	    0.00      57444.00
         kInf:    9.900000e+10	    0.00      57901.00
         Third body efficiencies
         N2                  	enhanced by	   1.700
         O2                  	enhanced by	   1.400


     25. O + N2O  = 2NO 
         k:       9.200000e+13	    0.00      27679.00


     26. O + N2O  = O2 + N2 
         k:       9.200000e+13	    0.00      27679.00


     27. NO + N2O  = N2 + NO2 
         k:       5.300000e+05	    2.23      46280.00


