------------------------------
  Elements     Atomic Weight  
------------------------------
  1.	O         15.99899960
  2.	N         14.00699997
  3.	AL        26.98150000
  4.	AR        39.94800186
------------------------------


--------------------------------------------------------------------------------------------------------------
                                                Molecular        Temperature        Elements
  Species                  Phase  Charge         weight         Low      High       O       N      AL      AR
--------------------------------------------------------------------------------------------------------------
    1. O                     G      0           15.999000    200.00   6000.00       1       0       0       0
    2. O2                    G      0           31.997999    200.00   6000.00       2       0       0       0
    3. AL                    G      0           26.981500    200.00   6000.00       0       0       1       0
    4. ALO                   G      0           42.980500    200.00   6000.00       1       0       1       0
    5. ALO2                  G      0           58.979499    200.00   6000.00       2       0       1       0
    6. AL2O                  G      0           69.962000    200.00   6000.00       1       0       2       0
    7. AL2O2                 G      0           85.960999    200.00   6000.00       2       0       2       0
    8. AL2O3                 G      0          101.959999    200.00   6000.00       3       0       2       0
    9. AL2O3L                L      0          101.959999    300.00   6000.00       3       0       2       0
   10. N                     G      0           14.007000    200.00   6000.00       0       1       0       0
   11. N2                    G      0           28.014000    200.00   6000.00       0       2       0       0
   12. NO                    G      0           30.006000    200.00   6000.00       1       1       0       0
   13. NO2                   G      0           46.004999    200.00   6000.00       2       1       0       0
   14. NO3                   G      0           62.003999    200.00   6000.00       3       1       0       0
   15. N2O                   G      0           44.013000    200.00   6000.00       1       2       0       0
   16. ALN                   L      0           40.988500    298.00   3500.00       0       1       1       0
   17. AR                    G      0           39.948002    200.00   6000.00       0       0       0       1
   18. AL(L)                 L      0           26.981500    300.00   6000.00       0       0       1       0
--------------------------------------------------------------------------------------------------------------

--------------------------------------------------------------------------------------------------------------
                                                Molecular        Temperature        Elements
  Species                  Phase  Charge         weight         Low      High       O       N      AL      AR
--------------------------------------------------------------------------------------------------------------
   11. N2                    G      0           28.014000    200.00   6000.00       0       2       0       0
   16. ALN                   L      0           40.988500    298.00   3500.00       0       1       1       0
   10. N                     G      0           14.007000    200.00   6000.00       0       1       0       0
   17. AR                    G      0           39.948002    200.00   6000.00       0       0       0       1
    3. AL                    G      0           26.981500    200.00   6000.00       0       0       1       0
   18. AL(L)                 L      0           26.981500    300.00   6000.00       0       0       1       0
    1. O                     G      0           15.999000    200.00   6000.00       1       0       0       0
   15. N2O                   G      0           44.013000    200.00   6000.00       1       2       0       0
   12. NO                    G      0           30.006000    200.00   6000.00       1       1       0       0
    4. ALO                   G      0           42.980500    200.00   6000.00       1       0       1       0
    6. AL2O                  G      0           69.962000    200.00   6000.00       1       0       2       0
    2. O2                    G      0           31.997999    200.00   6000.00       2       0       0       0
    5. ALO2                  G      0           58.979499    200.00   6000.00       2       0       1       0
    7. AL2O2                 G      0           85.960999    200.00   6000.00       2       0       2       0
   13. NO2                   G      0           46.004999    200.00   6000.00       2       1       0       0
   14. NO3                   G      0           62.003999    200.00   6000.00       3       1       0       0
    8. AL2O3                 G      0          101.959999    200.00   6000.00       3       0       2       0
    9. AL2O3L                L      0          101.959999    300.00   6000.00       3       0       2       0
--------------------------------------------------------------------------------------------------------------

---------------------------------------------------------------------------------------
                                LIQUID MECHANISM                                       
---------------------------------------------------------------------------------------

       Number of materials:       1
       Number of liquid species:   1

       Materials: 
       LIQUIDMIX

       ------------------------------------------------------------------------------------------------------------------
       LIQUIDMIX               global-index    liquid-index    local-index     
       ------------------------------------------------------------------------------------------------------------------
       Al(L)                   18              1               1               

--------------------------------------------------------------------------------------------------------
                                  CHEMICAL REACTIONS                                                  

                         Units: [kmol, m3, s] and [cal/mol]                                           
--------------------------------------------------------------------------------------------------------


