------------------------------
  Elements     Atomic Weight  
------------------------------
  1.	O         15.99899960
  2.	N         14.00699997
  3.	AL        26.98150000
  4.	AR        39.94800186
------------------------------


--------------------------------------------------------------------------------------------------------------
                                                Molecular        Temperature        Elements
  Species                  Phase  Charge         weight         Low      High       O       N      AL      AR
--------------------------------------------------------------------------------------------------------------
    1. O                     G      0           15.999000    200.00   6000.00       1       0       0       0
    2. O2                    G      0           31.997999    200.00   6000.00       2       0       0       0
    3. AL                    G      0           26.981500    200.00   6000.00       0       0       1       0
    4. ALO                   G      0           42.980500    200.00   6000.00       1       0       1       0
    5. ALO2                  G      0           58.979499    200.00   6000.00       2       0       1       0
    6. AL2O                  G      0           69.962000    200.00   6000.00       1       0       2       0
    7. AL2O2                 G      0           85.960999    200.00   6000.00       2       0       2       0
    8. AL2O3                 G      0          101.959999    200.00   6000.00       3       0       2       0
    9. AL2O3L                L      0          101.959999    300.00   6000.00       3       0       2       0
   10. N                     G      0           14.007000    200.00   6000.00       0       1       0       0
   11. N2                    G      0           28.014000    200.00   6000.00       0       2       0       0
   12. NO                    G      0           30.006000    200.00   6000.00       1       1       0       0
   13. NO2                   G      0           46.004999    200.00   6000.00       2       1       0       0
   14. NO3                   G      0           62.003999    200.00   6000.00       3       1       0       0
   15. N2O                   G      0           44.013000    200.00   6000.00       1       2       0       0
   16. ALN                   L      0           40.988500    298.00   3500.00       0       1       1       0
   17. AR                    G      0           39.948002    200.00   6000.00       0       0       0       1
   18. O(S)                  L      0           15.999000    298.15   5000.00       1       0       0       0
   19. AL(S)                 L      0           26.981500    933.61   5000.00       0       0       1       0
   20. ALO(S)                L      0           42.980500    298.15   5000.00       1       0       1       0
   21. ALO2(S)               L      0           58.979499    298.15   5000.00       2       0       1       0
   22. AL2O(S)               L      0           69.962000    298.15   5000.00       1       0       2       0
   23. AL2O2(S)              L      0           85.960999    298.15   5000.00       2       0       2       0
   24. N(S)                  L      0           14.007000    298.15   5000.00       0       1       0       0
   25. ALN(S)                L      0           40.988500    298.15   5000.00       0       1       1       0
   26. AL(D)                 L      0           26.981500    933.61   6000.00       0       0       1       0
   27. AL2O3(D)              L      0          101.959999    300.00   2327.00       3       0       2       0
--------------------------------------------------------------------------------------------------------------

--------------------------------------------------------------------------------------------------------------
                                                Molecular        Temperature        Elements
  Species                  Phase  Charge         weight         Low      High       O       N      AL      AR
--------------------------------------------------------------------------------------------------------------
   11. N2                    G      0           28.014000    200.00   6000.00       0       2       0       0
   10. N                     G      0           14.007000    200.00   6000.00       0       1       0       0
   24. N(S)                  L      0           14.007000    298.15   5000.00       0       1       0       0
   25. ALN(S)                L      0           40.988500    298.15   5000.00       0       1       1       0
   16. ALN                   L      0           40.988500    298.00   3500.00       0       1       1       0
   17. AR                    G      0           39.948002    200.00   6000.00       0       0       0       1
    3. AL                    G      0           26.981500    200.00   6000.00       0       0       1       0
   26. AL(D)                 L      0           26.981500    933.61   6000.00       0       0       1       0
   19. AL(S)                 L      0           26.981500    933.61   5000.00       0       0       1       0
    1. O                     G      0           15.999000    200.00   6000.00       1       0       0       0
   15. N2O                   G      0           44.013000    200.00   6000.00       1       2       0       0
   12. NO                    G      0           30.006000    200.00   6000.00       1       1       0       0
   18. O(S)                  L      0           15.999000    298.15   5000.00       1       0       0       0
   20. ALO(S)                L      0           42.980500    298.15   5000.00       1       0       1       0
    4. ALO                   G      0           42.980500    200.00   6000.00       1       0       1       0
    6. AL2O                  G      0           69.962000    200.00   6000.00       1       0       2       0
   22. AL2O(S)               L      0           69.962000    298.15   5000.00       1       0       2       0
   21. ALO2(S)               L      0           58.979499    298.15   5000.00       2       0       1       0
    2. O2                    G      0           31.997999    200.00   6000.00       2       0       0       0
    5. ALO2                  G      0           58.979499    200.00   6000.00       2       0       1       0
    7. AL2O2                 G      0           85.960999    200.00   6000.00       2       0       2       0
   13. NO2                   G      0           46.004999    200.00   6000.00       2       1       0       0
   23. AL2O2(S)              L      0           85.960999    298.15   5000.00       2       0       2       0
   27. AL2O3(D)              L      0          101.959999    300.00   2327.00       3       0       2       0
   14. NO3                   G      0           62.003999    200.00   6000.00       3       1       0       0
    8. AL2O3                 G      0          101.959999    200.00   6000.00       3       0       2       0
    9. AL2O3L                L      0          101.959999    300.00   6000.00       3       0       2       0
--------------------------------------------------------------------------------------------------------------

---------------------------------------------------------------------------------------
                                SURFACE MECHANISM                                    
---------------------------------------------------------------------------------------

       Number of materials:       1
       Number of site phases:     1
       Number of bulk phases:     2
       Number of surface species: 8
       Number of bulk species:    2

       Materials: 
       Al_chem_surf

       ------------------------------------------------------------------------------------------------------------------
       Site phases:        density[mol/cm2]     sites      global-index   local-index   internal-index
       ------------------------------------------------------------------------------------------------------------------
       1. Al_SITE          4.420000e-09     
             O(S)                             1.000000         18             1              1              
             Al(S)                            1.000000         19             2              2              
             AlO(S)                           1.000000         20             3              3              
             AlO2(S)                          1.000000         21             4              4              
             Al2O(S)                          3.000000         22             5              5              
             Al2O2(S)                         3.000000         23             6              6              
             N(S)                             1.000000         24             7              7              
             AlN(S)                           1.000000         25             8              8              

       ------------------------------------------------------------------------------------------------------------------
       Bulk phases:        density[g/cm3]     global-index   local-index   internal-index
       ------------------------------------------------------------------------------------------------------------------
       1. Al_BULK          
             Al(D)       2.375000         26             1              1              
       2. Al2O3_BULK       
             Al2O3(D)    2.930000         27             2              1              

--------------------------------------------------------------------------------------------------------
                                  CHEMICAL REACTIONS                                                  

                         Units: [kmol, m3, s] and [cal/mol]                                           
--------------------------------------------------------------------------------------------------------


      1. O + Al(S)  = O(S) + Al(D) 
         k:       1.000000e+00	    0.00          0.00
         Coefficients are sticking parameters...
         The Motz-Wise correction is turned off
         site species: Al(S)	1.000000e+00


      2. O2 + 2Al(S)  = 2O(S) + 2Al(D) 
         k:       5.000000e-03	    0.00          0.00
         Coefficients are sticking parameters...
         The Motz-Wise correction is turned off
         site species: Al(S)	2.000000e+00


      3. AlO + Al(S)  = AlO(S) + Al(D) 
         k:       1.000000e+00	    0.00          0.00
         Coefficients are sticking parameters...
         The Motz-Wise correction is turned off
         site species: Al(S)	1.000000e+00


      4. Al(S) + AlO(S)  = O(S) + Al(S) + Al(D) 
         k:       2.260000e+18	    0.00       2829.54


      5. O + Al(S)  = AlO(S) 
         k:       2.290000e+10	    0.00          0.00


      6. Al2O + 3Al(S)  = Al2O(S) + 3Al(D) 
         k:       1.000000e+00	    0.00          0.00
         Coefficients are sticking parameters...
         The Motz-Wise correction is turned off
         site species: Al(S)	3.000000e+00


      7. Al + 2Al(S) + AlO(S)  = Al2O(S) + 2Al(D) 
         k:       2.290000e+08	    0.00          0.00


      8. AlO + 3Al(S)  = Al2O(S) + 2Al(D) 
         k:       2.290000e+08	    0.00          0.00


      9. 2Al(S) + AlO(S)  = Al2O(S) + Al(D) 
         k:       2.260000e+17	    0.00          0.00


     10. O + 3Al(S)  = Al2O(S) + Al(D) 
         k:       2.290000e+08	    0.00          0.00


     11. AlO2 + Al(S)  = AlO2(S) + Al(D) 
         k:       7.500000e-01	    0.00          0.00
         Coefficients are sticking parameters...
         The Motz-Wise correction is turned off
         site species: Al(S)	1.000000e+00


     12. Al + 2O(S) + Al(D)  = Al(S) + AlO2(S) 
         k:       2.290000e+09	    0.00          0.00


     13. AlO + O(S)  = AlO2(S) 
         k:       2.290000e+10	    0.00          0.00


     14. Al2O2 + 3Al(S)  = Al2O2(S) + 3Al(D) 
         k:       7.500000e-01	    0.00          0.00
         Coefficients are sticking parameters...
         The Motz-Wise correction is turned off
         site species: Al(S)	3.000000e+00


     15. AlO2 + 3Al(S)  = Al2O2(S) + 2Al(D) 
         k:       2.290000e+08	    0.00          0.00


     16. AlO + 2Al(S) + AlO(S)  = Al2O2(S) + 2Al(D) 
         k:       2.290000e+08	    0.00          0.00


     17. Al2O + O(S) + 2Al(S)  = Al2O2(S) + 2Al(D) 
         k:       2.290000e+08	    0.00      11254.58


     18. O + Al2O(S)  = Al2O2(S) 
         k:       2.290000e+10	    0.00          0.00


     19. Al2O3  => Al2O3(D) 
         k:       1.000000e+00	    0.00          0.00
         Coefficients are sticking parameters...
         The Motz-Wise correction is turned off


     20. AlO2 + AlO(S) + Al(D)  => Al(S) + Al2O3(D) 
         k:       2.290000e+10	    0.00          0.00


     21. AlO + AlO2(S) + Al(D)  => Al(S) + Al2O3(D) 
         k:       2.290000e+10	    0.00          0.00


     22. O + Al2O2(S) + 3Al(D)  => 3Al(S) + Al2O3(D) 
         k:       2.290000e+10	    0.00          0.00


     23. O(S) + 2AlO(S) + 3Al(D)  => 3Al(S) + Al2O3(D) 
         k:       2.260000e+17	    0.00          0.00


     24. 3O(S) + 2Al(S) + 5Al(D)  => 5Al(S) + Al2O3(D) 
         k:       1.000000e+44	    0.00          0.00


     25. N + Al(S)  = N(S) + Al(D) 
         k:       1.000000e+00	    0.00          0.00
         Coefficients are sticking parameters...
         The Motz-Wise correction is turned off
         site species: Al(S)	1.000000e+00


     26. N2 + 2Al(S)  = 2N(S) + 2Al(D) 
         k:       1.440000e+18	    0.00      19243.00


     27. AlN + Al(S)  = AlN(S) + Al(D) 
         k:       1.000000e+00	    0.00          0.00
         Coefficients are sticking parameters...
         The Motz-Wise correction is turned off
         site species: Al(S)	1.000000e+00


