 ----------------------------------------------------------------------------------------------------------------------------------------------------------------------------------------------------------------------------------------------------------
                     SPECIFIC HEAT COEFFICIENTS                                                                     

             Cp = A + B*T + C*T^2 + D*T^3 + E*T^4  [J/kg/K]                                                         

    Species                      Cp(298K)         Cp(1000K)          LT-HT            A(LT)            B(LT)            C(LT)            D(LT)            E(LT)             A(HT)           B(HT)            C(HT)            D(HT)           E(HT)      
 ----------------------------------------------------------------------------------------------------------------------------------------------------------------------------------------------------------------------------------------------------------

    1. O                        1.369608e+03     1.307846e+03     1.000000e+03     1.646505e+03    -1.704217e+00     3.452310e-03    -3.184673e-06     1.097920e-09     1.321893e+03    -1.419588e-02    -2.177639e-06     2.574952e-09    -2.492175e-13
    2. O2                       9.181008e+02     1.090161e+03     1.000000e+03     9.828455e+02    -7.786810e-01     2.558754e-03    -2.515619e-06     8.428607e-10     9.512757e+02     1.705522e-01    -3.667677e-05     5.347519e-09    -3.375712e-13
    3. Al                       7.928109e+02     7.727683e+02     1.000000e+03     9.588121e+02    -1.101230e+00     2.473530e-03    -2.433300e-06     8.749566e-10     7.800994e+02    -1.281930e-02     7.425146e-06    -2.204600e-09     2.676353e-13
    4. AlO                      7.185098e+02     8.648698e+02     1.000000e+03     6.478805e+02    -1.413734e-02     1.373780e-03    -2.053234e-06     9.105805e-10     5.567659e+02     3.809370e-01    -7.472938e-05     1.415632e-09     4.806291e-13
    5. AlO2                     8.758244e+02     1.029513e+03     1.000000e+03     6.122340e+02     1.219516e+00    -1.256756e-03     4.411399e-07     1.337846e-11     9.625410e+02     1.033474e-01    -4.423131e-05     8.407099e-09    -5.515659e-13
    6. Al2O                     7.428667e+02     8.668985e+02     1.000000e+03     4.841706e+02     1.342700e+00    -1.982953e-03     1.431749e-06    -4.087678e-10     8.123574e+02     8.141149e-02    -3.200676e-05     5.477603e-09    -3.412310e-13
    7. Al2O2                    7.923709e+02     9.747570e+02     1.000000e+03     4.679157e+02     1.615384e+00    -2.160915e-03     1.435588e-06    -3.832157e-10     8.849113e+02     1.338905e-01    -5.244112e-05     8.953116e-09    -5.568250e-13
    8. Al2O3                    8.530588e+02     1.058403e+03     1.000000e+03     4.595032e+02     1.991986e+00    -2.770319e-03     1.889286e-06    -5.120534e-10     9.640794e+02     1.407065e-01    -5.524007e-05     9.445067e-09    -5.880171e-13
    9. Al2O3L                   1.597676e+03     1.597676e+03     2.327000e+03     1.597676e+03     0.000000e+00     0.000000e+00     0.000000e+00     0.000000e+00     1.597676e+03     0.000000e+00     0.000000e+00     0.000000e+00     0.000000e+00
   10. N                        1.483970e+03     1.483980e+03     1.000000e+03     1.483845e+03     2.980727e-04     1.146177e-06    -2.936106e-09     1.626977e-12     1.434147e+03     1.036793e-01    -7.055721e-05     1.791762e-08    -1.206539e-12
   11. N2                       1.039626e+03     1.166660e+03     1.000000e+03     1.047991e+03    -3.670217e-02    -1.492886e-04     7.227908e-07    -4.181308e-10     8.763149e+02     4.145954e-01    -1.462114e-04     2.332852e-08    -1.367506e-12
   12. NO                       9.952064e+02     1.132409e+03     1.000000e+03     1.131976e+03    -1.010540e+00     2.354206e-03    -1.835482e-06     4.922490e-10     9.019036e+02     3.321516e-01    -1.199893e-04     1.947809e-08    -1.135497e-12
   13. NO2                      8.080249e+02     1.153418e+03     1.000000e+03     6.844457e+02    -7.763722e-02     2.482931e-03    -3.149468e-06     1.213146e-09     8.864464e+02     3.876188e-01    -1.468706e-04     2.810560e-08    -1.881647e-12
   14. NO3                      8.266255e+02     1.217818e+03     1.000000e+03     4.500071e+02     1.428727e+00    -3.844393e-04    -6.902055e-07     4.137282e-10     9.890476e+02     2.973342e-01    -7.719826e-05     8.981392e-09    -3.472200e-13
   15. N2O                      8.774928e+02     1.254605e+03     1.000000e+03     4.041567e+02     2.300931e+00    -3.007235e-03     2.284291e-06    -7.275384e-10     9.079760e+02     5.011903e-01    -1.833926e-04     3.071478e-08    -1.882930e-12
   16. AlN                      7.899395e+02     9.056645e+02     1.000000e+03     5.779835e+02     1.029962e+00    -1.270602e-03     7.202288e-07    -1.519074e-10     8.350307e+02     1.075871e-01    -4.576062e-05     9.481432e-09    -6.740033e-13
   17. Ar                       5.203303e+02     5.203303e+02     1.000000e+03     5.203303e+02     0.000000e+00     0.000000e+00     0.000000e+00     0.000000e+00     5.203303e+02     0.000000e+00     0.000000e+00     0.000000e+00     0.000000e+00

 ----------------------------------------------------------------------------------------------------------------------------------------------------------------------------------------------------------------------------------------------------------


 -------------------------------------------------------------------------------------------------------------------------------------------------------------------------------------------------------------------------------------------------------------------------------------------
                           ENTHALPY COEFFICIENTS                                                                     

             H/(RT) = A + B*T + C*T^2 + D*T^3 + E*T^4 + F/T  [-]                                                         

    Species                   H(298K)[J/kmol]  H(1000K)[J/kmol]      LT-HT            A(LT)            B(LT)            C(LT)            D(LT)            E(LT)           F(LT)             A(HT)            B(HT)            C(HT)           D(HT)             E(HT)            F(HT)      
 -------------------------------------------------------------------------------------------------------------------------------------------------------------------------------------------------------------------------------------------------------------------------------------------

    1. O                        2.491703e+08     2.640319e+08     1.000000e+03     3.168267e+00    -1.639659e-03     2.214355e-06    -1.532017e-09     4.225319e-13     2.912226e+04     2.543637e+00    -1.365812e-05    -1.396765e-09     1.238705e-12    -9.591074e-17     2.922601e+04
    2. O2                      -4.406652e+03     2.270681e+07     1.000000e+03     3.782456e+00    -1.498367e-03     3.282434e-06    -2.420324e-09     6.487457e-13    -1.063944e+03     3.660961e+00     3.281829e-04    -4.704988e-08     5.144948e-12    -2.598269e-16    -1.215977e+03
    3. Al                       3.299949e+08     3.447028e+08     1.000000e+03     3.111469e+00    -1.786817e-03     2.675641e-06    -1.974093e-09     5.678694e-13     3.886415e+04     2.531523e+00    -2.080014e-05     8.031851e-09    -1.788552e-12     1.737022e-16     3.894108e+04
    4. AlO                      6.731399e+07     9.166704e+07     1.000000e+03     3.349132e+00    -3.654055e-05     2.367191e-06    -2.653480e-09     9.414248e-13     7.057285e+03     2.878127e+00     9.846014e-04    -1.287678e-07     1.829480e-12     4.969096e-16     7.288725e+03
    5. AlO2                    -3.866540e+07     2.009783e+06     1.000000e+03     4.342945e+00     4.325381e-03    -2.971642e-06     7.823178e-10     1.898030e-14    -6.256261e+03     6.827884e+00     3.665528e-04    -1.045865e-07     1.490916e-11    -7.825180e-16    -6.862256e+03
    6. Al2O                    -1.486182e+08    -1.079227e+08     1.000000e+03     4.074051e+00     5.649073e-03    -5.561850e-06     3.011860e-09    -6.879149e-13    -1.946534e+04     6.835577e+00     3.425183e-04    -8.977357e-08     1.152282e-11    -5.742574e-16    -2.007939e+04
    7. Al2O2                   -4.031035e+08    -3.478475e+08     1.000000e+03     4.837656e+00     8.350509e-03    -7.447040e-06     3.710540e-09    -7.923928e-13    -5.049571e+04     9.148861e+00     6.921289e-04    -1.807249e-07     2.314097e-11    -1.151373e-15    -5.151869e+04
    8. Al2O3                   -5.469004e+08    -4.757792e+08     1.000000e+03     5.634874e+00     1.221383e-02    -1.132411e-05     5.792064e-09    -1.255859e-12    -6.828388e+04     1.182248e+01     8.627398e-04    -2.258025e-07     2.895614e-11    -1.442167e-15    -6.971001e+04
    9. Al2O3L                  -1.637374e+09    -1.523019e+09     2.327000e+03     1.959226e+01     0.000000e+00     0.000000e+00     0.000000e+00     0.000000e+00    -2.027693e+05     1.959226e+01     0.000000e+00     0.000000e+00     0.000000e+00     0.000000e+00    -2.027693e+05
   10. N                        4.724363e+08     4.870283e+08     1.000000e+03     2.499766e+00     2.510748e-07     6.436374e-10    -1.236582e-12     5.481790e-16     5.607607e+04     2.416042e+00     8.733188e-05    -3.962152e-08     7.546251e-12    -4.065203e-16     5.610515e+04
   11. N2                      -4.368616e+03     2.146458e+07     1.000000e+03     3.531005e+00    -6.183049e-05    -1.676665e-07     6.088265e-10    -2.817625e-13    -1.046976e+03     2.952576e+00     6.984502e-04    -1.642105e-07     1.965025e-11    -9.215104e-16    -9.239487e+02
   12. NO                       9.111641e+07     1.133563e+08     1.000000e+03     4.085180e+00    -1.823466e-03     2.832025e-06    -1.656014e-09     3.552947e-13     9.840613e+03     3.254873e+00     5.993497e-04    -1.443428e-07     1.757358e-11    -8.195772e-16     9.906998e+03
   13. NO2                      3.404338e+07     6.678755e+07     1.000000e+03     3.787127e+00    -2.147884e-04     4.579461e-06    -4.356603e-09     1.342499e-12     2.895001e+03     4.904823e+00     1.072372e-03    -2.708847e-07     3.887799e-11    -2.082279e-15     2.289590e+03
   14. NO3                      7.411922e+07     1.208352e+08     1.000000e+03     3.355869e+00     5.327272e-03    -9.556350e-07    -1.286779e-09     6.170646e-13     7.475349e+03     7.375691e+00     1.108665e-03    -1.918986e-07     1.674439e-11    -5.178694e-16     6.224456e+03
   15. N2O                      8.256311e+07     1.167848e+08     1.000000e+03     2.139423e+00     6.090044e-03    -5.306314e-06     3.023001e-09    -7.702518e-13     8.870086e+03     4.806414e+00     1.326537e-03    -3.235991e-07     4.064754e-11    -1.993476e-15     8.197982e+03
   16. AlN                      5.230054e+08     5.480492e+08     1.000000e+03     2.849334e+00     2.538745e-03    -2.087932e-06     8.876430e-10    -1.497741e-13     6.187715e+04     4.116521e+00     2.651905e-04    -7.519665e-08     1.168535e-11    -6.645381e-16     6.159763e+04
   17. Ar                      -3.117923e+03     1.458876e+07     1.000000e+03     2.500000e+00     0.000000e+00     0.000000e+00     0.000000e+00     0.000000e+00    -7.453750e+02     2.500000e+00     0.000000e+00     0.000000e+00     0.000000e+00     0.000000e+00    -7.453750e+02

 -------------------------------------------------------------------------------------------------------------------------------------------------------------------------------------------------------------------------------------------------------------------------------------------


 -------------------------------------------------------------------------------------------------------------------------------------------------------------------------------------------------------------------------------------------------------------------------------------------
                             ENTROPY COEFFICIENTS                                                                     

             S/R = A*lnT + B*T + C*T^2 + D*T^3 + E*T^4 + F  [-]                                                         

    Species                 S(298K)[J/kmol/K] S(1000K)[J/kmol/K]     LT-HT            A(LT)            B(LT)            C(LT)            D(LT)            E(LT)           F(LT)             A(HT)            B(HT)            C(HT)           D(HT)             E(HT)            F(HT)      
 -------------------------------------------------------------------------------------------------------------------------------------------------------------------------------------------------------------------------------------------------------------------------------------------

    1. O                        1.610485e+05     1.867864e+05     1.000000e+03     3.168267e+00    -3.279319e-03     3.321532e-06    -2.042689e-09     5.281649e-13     2.051933e+00     2.543637e+00    -2.731625e-05    -2.095148e-09     1.651606e-12    -1.198884e-16     4.922295e+00
    2. O2                       2.051335e+05     2.435864e+05     1.000000e+03     3.782456e+00    -2.996734e-03     4.923651e-06    -3.227098e-09     8.109321e-13     3.657676e+00     3.660961e+00     6.563658e-04    -7.057481e-08     6.859931e-12    -3.247836e-16     3.415363e+00
    3. Al                       1.645437e+05     1.899616e+05     1.000000e+03     3.111469e+00    -3.573635e-03     4.013462e-06    -2.632124e-09     7.098367e-13     2.836324e+00     2.531523e+00    -4.160028e-05     1.204778e-08    -2.384737e-12     2.171278e-16     5.391705e+00
    4. AlO                      2.183718e+05     2.596280e+05     1.000000e+03     3.349132e+00    -7.308111e-05     3.550787e-06    -3.537973e-09     1.176781e-12     6.974580e+00     2.878127e+00     1.969203e-03    -1.931518e-07     2.439306e-12     6.211370e-16     9.565568e+00
    5. AlO2                     2.692894e+05     3.383666e+05     1.000000e+03     4.342945e+00     8.650763e-03    -4.457463e-06     1.043090e-09     2.372538e-14     5.436034e+00     6.827884e+00     7.331056e-04    -1.568797e-07     1.987888e-11    -9.781475e-16    -7.064330e+00
    6. Al2O                     2.531071e+05     3.222678e+05     1.000000e+03     4.074051e+00     1.129815e-02    -8.342775e-06     4.015814e-09    -8.598936e-13     4.506075e+00     6.835577e+00     6.850366e-04    -1.346603e-07     1.536375e-11    -7.178217e-16    -9.023604e+00
    7. Al2O2                    2.880081e+05     3.814302e+05     1.000000e+03     4.837656e+00     1.670102e-02    -1.117056e-05     4.947387e-09    -9.904910e-13     2.970814e+00     9.148861e+00     1.384258e-03    -2.710874e-07     3.085462e-11    -1.439216e-15    -1.846517e+01
    8. Al2O3                    3.166160e+05     4.367878e+05     1.000000e+03     5.634874e+00     2.442766e-02    -1.698617e-05     7.722753e-09    -1.569824e-12     1.475010e-02     1.182248e+01     1.725480e-03    -3.387037e-07     3.860819e-11    -1.802709e-15    -3.055685e+01
    9. Al2O3L                   6.291598e+03     2.035073e+05     2.327000e+03     1.959226e+01     0.000000e+00     0.000000e+00     0.000000e+00     0.000000e+00    -1.108622e+02     1.959226e+01     0.000000e+00     0.000000e+00     0.000000e+00     0.000000e+00    -1.108622e+02
   10. N                        1.532904e+05     1.784556e+05     1.000000e+03     2.499766e+00     5.021496e-07     9.654561e-10    -1.648775e-12     6.852238e-16     4.194993e+00     2.416042e+00     1.746638e-04    -5.943228e-08     1.006167e-11    -5.081504e-16     4.649057e+00
   11. N2                       1.915940e+05     2.281754e+05     1.000000e+03     3.531005e+00    -1.236610e-04    -2.514997e-07     8.117687e-10    -3.522031e-13     2.967470e+00     2.952576e+00     1.396900e-03    -2.463158e-07     2.620034e-11    -1.151888e-15     5.871888e+00
   12. NO                       2.107297e+05     2.485393e+05     1.000000e+03     4.085180e+00    -3.646932e-03     4.248038e-06    -2.208019e-09     4.441184e-13     2.835782e+00     3.254873e+00     1.198699e-03    -2.165143e-07     2.343144e-11    -1.024471e-15     6.403951e+00
   13. NO2                      2.401470e+05     2.946263e+05     1.000000e+03     3.787127e+00    -4.295768e-04     6.869191e-06    -5.808805e-09     1.678124e-12     6.965922e+00     4.904823e+00     2.144745e-03    -4.063270e-07     5.183732e-11    -2.602849e-15    -2.335670e-01
   14. NO3                      2.583719e+05     3.359550e+05     1.000000e+03     3.355869e+00     1.065454e-02    -1.433452e-06    -1.715705e-09     7.713307e-13     8.947865e+00     7.375691e+00     2.217330e-03    -2.878479e-07     2.232585e-11    -6.473367e-16    -1.249453e+01
   15. N2O                      2.199853e+05     2.769949e+05     1.000000e+03     2.139423e+00     1.218009e-02    -7.959471e-06     4.030668e-09    -9.628148e-13     1.124775e+01     4.806414e+00     2.653074e-03    -4.853987e-07     5.419672e-11    -2.491845e-15    -2.106078e+00
   16. AlN                      2.285392e+05     2.711647e+05     1.000000e+03     2.849334e+00     5.077490e-03    -3.131897e-06     1.183524e-09    -1.872177e-13     9.989219e+00     4.116521e+00     5.303809e-04    -1.127950e-07     1.558047e-11    -8.306726e-16     3.745365e+00
   17. Ar                       1.548353e+05     1.800003e+05     1.000000e+03     2.500000e+00     0.000000e+00     0.000000e+00     0.000000e+00     0.000000e+00     4.379675e+00     2.500000e+00     0.000000e+00     0.000000e+00     0.000000e+00     0.000000e+00     4.379675e+00

 -------------------------------------------------------------------------------------------------------------------------------------------------------------------------------------------------------------------------------------------------------------------------------------------


