------------------------------
  Elements     Atomic Weight  
------------------------------
  1.	C         12.01099968
  2.	H          1.00800002
  3.	N         14.00699997
------------------------------


------------------------------------------------------------------------------------------------------
                                                Molecular        Temperature        Elements
  Species                  Phase  Charge         weight         Low      High       C       H       N
------------------------------------------------------------------------------------------------------
    1. NC7H16                G      0          100.204998    300.00   4000.00       7      16       0
    2. C7H16                 G      0          100.204998    300.00   4000.00       7      16       0
    3. N2                    G      0           28.014000    200.00   6000.00       0       0       2
    4. NC7H16(S)             G      0          100.204998    300.00   4000.00       7      16       0
    5. C7H16(S)              G      0          100.204998    300.00   4000.00       7      16       0
    6. NC7H16(D)             G      0          100.204998    300.00   4000.00       7      16       0
------------------------------------------------------------------------------------------------------

------------------------------------------------------------------------------------------------------
                                                Molecular        Temperature        Elements
  Species                  Phase  Charge         weight         Low      High       C       H       N
------------------------------------------------------------------------------------------------------
    3. N2                    G      0           28.014000    200.00   6000.00       0       0       2
    1. NC7H16                G      0          100.204998    300.00   4000.00       7      16       0
    2. C7H16                 G      0          100.204998    300.00   4000.00       7      16       0
    4. NC7H16(S)             G      0          100.204998    300.00   4000.00       7      16       0
    5. C7H16(S)              G      0          100.204998    300.00   4000.00       7      16       0
    6. NC7H16(D)             G      0          100.204998    300.00   4000.00       7      16       0
------------------------------------------------------------------------------------------------------

---------------------------------------------------------------------------------------
                                SURFACE MECHANISM                                    
---------------------------------------------------------------------------------------

       Number of materials:       1
       Number of site phases:     1
       Number of bulk phases:     1
       Number of surface species: 2
       Number of bulk species:    1

       Materials: 
       Al_chem_surf

       ------------------------------------------------------------------------------------------------------------------
       Site phases:        density[mol/cm2]     sites      global-index   local-index   internal-index
       ------------------------------------------------------------------------------------------------------------------
       1. Al_SITE          4.420000e-09     
             NC7H16(S)                        1.000000         4              1              1              
             C7H16(S)                         1.000000         5              2              2              

       ------------------------------------------------------------------------------------------------------------------
       Bulk phases:        density[g/cm3]     global-index   local-index   internal-index
       ------------------------------------------------------------------------------------------------------------------
       1. Al_BULK          
             NC7H16(D)   2.375000         6              1              1              

--------------------------------------------------------------------------------------------------------
                                  CHEMICAL REACTIONS                                                  

                         Units: [kmol, m3, s] and [cal/mol]                                           
--------------------------------------------------------------------------------------------------------


